// Jest Snapshot v1, https://goo.gl/fbAQLP

exports[`renders correctly 1`] = `
<div
  className="catalog-detail"
>
  <h1>
    test
  </h1>
  <CatalogFilter />
  <CatalogElementList
    items={
      Array [
        1,
        2,
        3,
        4,
        5,
      ]
    }
  />
</div>
`;
