// Jest Snapshot v1, https://goo.gl/fbAQLP

exports[`renders correctly 1`] = `
<div>
  <Link
    replace={false}
    to="/news/1"
  >
    1
  </Link>
</div>
`;
