// Jest Snapshot v1, https://goo.gl/fbAQLP

exports[`renders correctly 1`] = `
<footer
  className="page-footer"
>
  <Contacts />
  <withRouter(Navigation) />
</footer>
`;
