// Jest Snapshot v1, https://goo.gl/fbAQLP

exports[`renders correctly 1`] = `
<div
  className="header-auth"
>
  <Dropdown>
    <button>
      <span>
        User
      </span>
      <i
        data-feather="user"
      />
    </button>
    <DropdownMenu>
      <Link
        replace={false}
        to="/profile"
      >
        Profile
      </Link>
      <Link
        replace={false}
        to="/signout"
      >
        Sign Out
      </Link>
    </DropdownMenu>
  </Dropdown>
</div>
`;
