// Jest Snapshot v1, https://goo.gl/fbAQLP

exports[`renders correctly 1`] = `
<div>
  <button
    onClick={[Function]}
  >
    Назад
  </button>
  <h1>
    test
  </h1>
  ...
</div>
`;
